MPLINK 4.35, Linker
Linker Map File - Created Wed May 25 13:34:36 2011

                                 Section Info
                  Section       Type    Address   Location Size(Bytes)
                ---------  ---------  ---------  ---------  ---------
                   .org_0       code   0x000000    program   0x000000
                   .org_1       code   0x000000    program   0x00053e
     .config_2007_CAFE0.O       code   0x002007    program   0x000002



                              Program Memory Usage 
                               Start         End      
                           ---------   ---------      
                            0x000000    0x00029e      
                            0x002007    0x002007      
            672 out of 8453 program addresses used, program memory utilization is 7%



                              Symbols - Sorted by Name
                     Name    Address   Location    Storage File                     
                ---------  ---------  ---------  --------- ---------                
            CAFECAPUCCINO   0x00007d    program     static C:\Users\Win7\Desktop\p8_cafetera\cafe0.asm
              CAFEEXPRESS   0x000071    program     static C:\Users\Win7\Desktop\p8_cafetera\cafe0.asm
                CAFELECHE   0x000065    program     static C:\Users\Win7\Desktop\p8_cafetera\cafe0.asm
                 CAFEPURO   0x000059    program     static C:\Users\Win7\Desktop\p8_cafetera\cafe0.asm
                   CAMBIO   0x00008b    program     static C:\Users\Win7\Desktop\p8_cafetera\cafe0.asm
                    CHECK   0x000049    program     static C:\Users\Win7\Desktop\p8_cafetera\cafe0.asm
           CUANTODECAMBIO   0x000088    program     static C:\Users\Win7\Desktop\p8_cafetera\cafe0.asm
                    DELAY   0x00028b    program     static C:\Users\Win7\Desktop\p8_cafetera\cafe0.asm
                   DELAY2   0x00029c    program     static C:\Users\Win7\Desktop\p8_cafetera\cafe0.asm
                    ES1BS   0x000016    program     static C:\Users\Win7\Desktop\p8_cafetera\cafe0.asm
                    ES2BS   0x000022    program     static C:\Users\Win7\Desktop\p8_cafetera\cafe0.asm
                    ES5BS   0x00002e    program     static C:\Users\Win7\Desktop\p8_cafetera\cafe0.asm
                   INICIO   0x000001    program     static C:\Users\Win7\Desktop\p8_cafetera\cafe0.asm
                       J1   0x00028f    program     static C:\Users\Win7\Desktop\p8_cafetera\cafe0.asm
                       J2   0x00028d    program     static C:\Users\Win7\Desktop\p8_cafetera\cafe0.asm
      LCD_2Lineas4Bits5x7   0x0001fe    program     static C:\Users\Win7\Desktop\p8_cafetera\LCD_4BIT.INC
                LCD_Borra   0x0001fc    program     static C:\Users\Win7\Desktop\p8_cafetera\LCD_4BIT.INC
                 LCD_Byte   0x00022e    program     static C:\Users\Win7\Desktop\p8_cafetera\LCD_4BIT.INC
         LCD_ByteCompleto   0x000235    program     static C:\Users\Win7\Desktop\p8_cafetera\LCD_4BIT.INC
             LCD_Caracter   0x000201    program     static C:\Users\Win7\Desktop\p8_cafetera\LCD_4BIT.INC
          LCD_CodigoCGROM   0x00020b    program     static C:\Users\Win7\Desktop\p8_cafetera\LCD_4BIT.INC
           LCD_CursorIncr   0x0001e8    program     static C:\Users\Win7\Desktop\p8_cafetera\LCD_4BIT.INC
            LCD_CursorOFF   0x0001fa    program     static C:\Users\Win7\Desktop\p8_cafetera\LCD_4BIT.INC
             LCD_CursorON   0x0001f8    program     static C:\Users\Win7\Desktop\p8_cafetera\LCD_4BIT.INC
   LCD_DosEspaciosBlancos   0x000225    program     static C:\Users\Win7\Desktop\p8_cafetera\LCD_4BIT.INC
        LCD_EnheMayuscula   0x000212    program     static C:\Users\Win7\Desktop\p8_cafetera\LCD_4BIT.INC
        LCD_EnheMinuscula   0x00020c    program     static C:\Users\Win7\Desktop\p8_cafetera\LCD_4BIT.INC
                LCD_Envia   0x000203    program     static C:\Users\Win7\Desktop\p8_cafetera\LCD_4BIT.INC
         LCD_EnviaBlancos   0x000228    program     static C:\Users\Win7\Desktop\p8_cafetera\LCD_4BIT.INC
       LCD_EnviaByteLetra   0x000241    program     static C:\Users\Win7\Desktop\p8_cafetera\LCD_4BIT.INC
         LCD_EnviaComando   0x0001ff    program     static C:\Users\Win7\Desktop\p8_cafetera\LCD_4BIT.INC
      LCD_EnviaOtroBlanco   0x000229    program     static C:\Users\Win7\Desktop\p8_cafetera\LCD_4BIT.INC
         LCD_EsFinalLinea   0x0001a8    program     static C:\Users\Win7\Desktop\p8_cafetera\LCD_MENS.INC
           LCD_EscribeLCD   0x0001d4    program     static C:\Users\Win7\Desktop\p8_cafetera\LCD_4BIT.INC
             LCD_FinCGROM   0x00021f    program     static C:\Users\Win7\Desktop\p8_cafetera\LCD_4BIT.INC
           LCD_FinMensaje   0x00019d    program     static C:\Users\Win7\Desktop\p8_cafetera\LCD_MENS.INC
        LCD_FinMovimiento   0x0001b7    program     static C:\Users\Win7\Desktop\p8_cafetera\LCD_MENS.INC
   LCD_FinVisualizaDigito   0x000243    program     static C:\Users\Win7\Desktop\p8_cafetera\LCD_4BIT.INC
                LCD_Grado   0x000219    program     static C:\Users\Win7\Desktop\p8_cafetera\LCD_4BIT.INC
           LCD_Inicializa   0x0001b8    program     static C:\Users\Win7\Desktop\p8_cafetera\LCD_4BIT.INC
               LCD_Linea1   0x0001ea    program     static C:\Users\Win7\Desktop\p8_cafetera\LCD_4BIT.INC
               LCD_Linea2   0x0001ec    program     static C:\Users\Win7\Desktop\p8_cafetera\LCD_4BIT.INC
               LCD_Linea3   0x0001ee    program     static C:\Users\Win7\Desktop\p8_cafetera\LCD_4BIT.INC
               LCD_Linea4   0x0001f0    program     static C:\Users\Win7\Desktop\p8_cafetera\LCD_4BIT.INC
        LCD_LineaEnBlanco   0x000221    program     static C:\Users\Win7\Desktop\p8_cafetera\LCD_4BIT.INC
              LCD_Mensaje   0x000190    program     static C:\Users\Win7\Desktop\p8_cafetera\LCD_MENS.INC
    LCD_MensajeMovimiento   0x00019e    program     static C:\Users\Win7\Desktop\p8_cafetera\LCD_MENS.INC
               LCD_Nibble   0x000239    program     static C:\Users\Win7\Desktop\p8_cafetera\LCD_4BIT.INC
       LCD_NoEsFinalLinea   0x0001ad    program     static C:\Users\Win7\Desktop\p8_cafetera\LCD_MENS.INC
     LCD_NoUltimoCaracter   0x00019a    program     static C:\Users\Win7\Desktop\p8_cafetera\LCD_MENS.INC
    LCD_NoUltimoCaracter2   0x0001b3    program     static C:\Users\Win7\Desktop\p8_cafetera\LCD_MENS.INC
                  LCD_OFF   0x0001f6    program     static C:\Users\Win7\Desktop\p8_cafetera\LCD_4BIT.INC
       LCD_PosicionLinea1   0x0001f2    program     static C:\Users\Win7\Desktop\p8_cafetera\LCD_4BIT.INC
       LCD_PosicionLinea2   0x0001f4    program     static C:\Users\Win7\Desktop\p8_cafetera\LCD_4BIT.INC
      LCD_PrimeraPosicion   0x0001a2    program     static C:\Users\Win7\Desktop\p8_cafetera\LCD_MENS.INC
  LCD_TresEspaciosBlancos   0x000227    program     static C:\Users\Win7\Desktop\p8_cafetera\LCD_4BIT.INC
      LCD_UnEspacioBlanco   0x000223    program     static C:\Users\Win7\Desktop\p8_cafetera\LCD_4BIT.INC
        LCD_VisualizaAlto   0x000236    program     static C:\Users\Win7\Desktop\p8_cafetera\LCD_4BIT.INC
        LCD_VisualizaBajo   0x000238    program     static C:\Users\Win7\Desktop\p8_cafetera\LCD_4BIT.INC
    LCD_VisualizaCaracter   0x0001a4    program     static C:\Users\Win7\Desktop\p8_cafetera\LCD_MENS.INC
LCD_VisualizaOtroCaracter   0x000194    program     static C:\Users\Win7\Desktop\p8_cafetera\LCD_MENS.INC
               MONTODEMAS   0x00003d    program     static C:\Users\Win7\Desktop\p8_cafetera\cafe0.asm
                  MOSTRAR   0x00003a    program     static C:\Users\Win7\Desktop\p8_cafetera\cafe0.asm
                 MOSTRAR2   0x000051    program     static C:\Users\Win7\Desktop\p8_cafetera\cafe0.asm
                     MSJ1   0x000095    program     static C:\Users\Win7\Desktop\p8_cafetera\cafe0.asm
                     MSJ2   0x00009e    program     static C:\Users\Win7\Desktop\p8_cafetera\cafe0.asm
                     MSJ3   0x0000a2    program     static C:\Users\Win7\Desktop\p8_cafetera\cafe0.asm
                     MSJ4   0x0000a6    program     static C:\Users\Win7\Desktop\p8_cafetera\cafe0.asm
                 Mensaje1   0x0000ab    program     static C:\Users\Win7\Desktop\p8_cafetera\cafe0.asm
                Mensaje11   0x00010d    program     static C:\Users\Win7\Desktop\p8_cafetera\cafe0.asm
                 Mensaje2   0x000146    program     static C:\Users\Win7\Desktop\p8_cafetera\cafe0.asm
                 Mensaje3   0x000156    program     static C:\Users\Win7\Desktop\p8_cafetera\cafe0.asm
                 Mensaje4   0x000167    program     static C:\Users\Win7\Desktop\p8_cafetera\cafe0.asm
                 Mensajes   0x0000aa    program     static C:\Users\Win7\Desktop\p8_cafetera\cafe0.asm
                MensajesA   0x000146    program     static C:\Users\Win7\Desktop\p8_cafetera\cafe0.asm
    R1Decima_BucleExterno   0x000281    program     static C:\Users\Win7\Desktop\p8_cafetera\RETARDOS.INC
   R1Decima_BucleExterno2   0x00027f    program     static C:\Users\Win7\Desktop\p8_cafetera\RETARDOS.INC
    R1Decima_BucleInterno   0x000283    program     static C:\Users\Win7\Desktop\p8_cafetera\RETARDOS.INC
        R1ms_BucleExterno   0x00026b    program     static C:\Users\Win7\Desktop\p8_cafetera\RETARDOS.INC
        R1ms_BucleInterno   0x00026d    program     static C:\Users\Win7\Desktop\p8_cafetera\RETARDOS.INC
            RetardoMicros   0x000257    program     static C:\Users\Win7\Desktop\p8_cafetera\RETARDOS.INC
        Retardo_100micros   0x000251    program     static C:\Users\Win7\Desktop\p8_cafetera\RETARDOS.INC
            Retardo_100ms   0x00025d    program     static C:\Users\Win7\Desktop\p8_cafetera\RETARDOS.INC
         Retardo_10micros   0x000244    program     static C:\Users\Win7\Desktop\p8_cafetera\RETARDOS.INC
             Retardo_10ms   0x000263    program     static C:\Users\Win7\Desktop\p8_cafetera\RETARDOS.INC
              Retardo_10s   0x000275    program     static C:\Users\Win7\Desktop\p8_cafetera\RETARDOS.INC
          Retardo_1Decima   0x00027e    program     static C:\Users\Win7\Desktop\p8_cafetera\RETARDOS.INC
              Retardo_1ms   0x000269    program     static C:\Users\Win7\Desktop\p8_cafetera\RETARDOS.INC
               Retardo_1s   0x00027b    program     static C:\Users\Win7\Desktop\p8_cafetera\RETARDOS.INC
        Retardo_200micros   0x00024e    program     static C:\Users\Win7\Desktop\p8_cafetera\RETARDOS.INC
            Retardo_200ms   0x00025b    program     static C:\Users\Win7\Desktop\p8_cafetera\RETARDOS.INC
         Retardo_20micros   0x000256    program     static C:\Users\Win7\Desktop\p8_cafetera\RETARDOS.INC
             Retardo_20ms   0x000261    program     static C:\Users\Win7\Desktop\p8_cafetera\RETARDOS.INC
              Retardo_20s   0x000273    program     static C:\Users\Win7\Desktop\p8_cafetera\RETARDOS.INC
              Retardo_2ms   0x000267    program     static C:\Users\Win7\Desktop\p8_cafetera\RETARDOS.INC
               Retardo_2s   0x000279    program     static C:\Users\Win7\Desktop\p8_cafetera\RETARDOS.INC
          Retardo_4micros   0x00024a    program     static C:\Users\Win7\Desktop\p8_cafetera\RETARDOS.INC
        Retardo_500micros   0x00024b    program     static C:\Users\Win7\Desktop\p8_cafetera\RETARDOS.INC
            Retardo_500ms   0x00027d    program     static C:\Users\Win7\Desktop\p8_cafetera\RETARDOS.INC
         Retardo_50micros   0x000253    program     static C:\Users\Win7\Desktop\p8_cafetera\RETARDOS.INC
             Retardo_50ms   0x00025f    program     static C:\Users\Win7\Desktop\p8_cafetera\RETARDOS.INC
          Retardo_5micros   0x000249    program     static C:\Users\Win7\Desktop\p8_cafetera\RETARDOS.INC
              Retardo_5ms   0x000265    program     static C:\Users\Win7\Desktop\p8_cafetera\RETARDOS.INC
               Retardo_5s   0x000277    program     static C:\Users\Win7\Desktop\p8_cafetera\RETARDOS.INC
              Retardos_ms   0x00026a    program     static C:\Users\Win7\Desktop\p8_cafetera\RETARDOS.INC
            Rmicros_Bucle   0x000258    program     static C:\Users\Win7\Desktop\p8_cafetera\RETARDOS.INC
                SELECCAFE   0x000041    program     static C:\Users\Win7\Desktop\p8_cafetera\cafe0.asm
                     SINC   0x00008d    program     static C:\Users\Win7\Desktop\p8_cafetera\cafe0.asm
                    START   0x00000f    program     static C:\Users\Win7\Desktop\p8_cafetera\cafe0.asm
                   START2   0x000054    program     static C:\Users\Win7\Desktop\p8_cafetera\cafe0.asm



                              Symbols - Sorted by Address
                     Name    Address   Location    Storage File                     
                ---------  ---------  ---------  --------- ---------                
                   INICIO   0x000001    program     static C:\Users\Win7\Desktop\p8_cafetera\cafe0.asm
                    START   0x00000f    program     static C:\Users\Win7\Desktop\p8_cafetera\cafe0.asm
                    ES1BS   0x000016    program     static C:\Users\Win7\Desktop\p8_cafetera\cafe0.asm
                    ES2BS   0x000022    program     static C:\Users\Win7\Desktop\p8_cafetera\cafe0.asm
                    ES5BS   0x00002e    program     static C:\Users\Win7\Desktop\p8_cafetera\cafe0.asm
                  MOSTRAR   0x00003a    program     static C:\Users\Win7\Desktop\p8_cafetera\cafe0.asm
               MONTODEMAS   0x00003d    program     static C:\Users\Win7\Desktop\p8_cafetera\cafe0.asm
                SELECCAFE   0x000041    program     static C:\Users\Win7\Desktop\p8_cafetera\cafe0.asm
                    CHECK   0x000049    program     static C:\Users\Win7\Desktop\p8_cafetera\cafe0.asm
                 MOSTRAR2   0x000051    program     static C:\Users\Win7\Desktop\p8_cafetera\cafe0.asm
                   START2   0x000054    program     static C:\Users\Win7\Desktop\p8_cafetera\cafe0.asm
                 CAFEPURO   0x000059    program     static C:\Users\Win7\Desktop\p8_cafetera\cafe0.asm
                CAFELECHE   0x000065    program     static C:\Users\Win7\Desktop\p8_cafetera\cafe0.asm
              CAFEEXPRESS   0x000071    program     static C:\Users\Win7\Desktop\p8_cafetera\cafe0.asm
            CAFECAPUCCINO   0x00007d    program     static C:\Users\Win7\Desktop\p8_cafetera\cafe0.asm
           CUANTODECAMBIO   0x000088    program     static C:\Users\Win7\Desktop\p8_cafetera\cafe0.asm
                   CAMBIO   0x00008b    program     static C:\Users\Win7\Desktop\p8_cafetera\cafe0.asm
                     SINC   0x00008d    program     static C:\Users\Win7\Desktop\p8_cafetera\cafe0.asm
                     MSJ1   0x000095    program     static C:\Users\Win7\Desktop\p8_cafetera\cafe0.asm
                     MSJ2   0x00009e    program     static C:\Users\Win7\Desktop\p8_cafetera\cafe0.asm
                     MSJ3   0x0000a2    program     static C:\Users\Win7\Desktop\p8_cafetera\cafe0.asm
                     MSJ4   0x0000a6    program     static C:\Users\Win7\Desktop\p8_cafetera\cafe0.asm
                 Mensajes   0x0000aa    program     static C:\Users\Win7\Desktop\p8_cafetera\cafe0.asm
                 Mensaje1   0x0000ab    program     static C:\Users\Win7\Desktop\p8_cafetera\cafe0.asm
                Mensaje11   0x00010d    program     static C:\Users\Win7\Desktop\p8_cafetera\cafe0.asm
                MensajesA   0x000146    program     static C:\Users\Win7\Desktop\p8_cafetera\cafe0.asm
                 Mensaje2   0x000146    program     static C:\Users\Win7\Desktop\p8_cafetera\cafe0.asm
                 Mensaje3   0x000156    program     static C:\Users\Win7\Desktop\p8_cafetera\cafe0.asm
                 Mensaje4   0x000167    program     static C:\Users\Win7\Desktop\p8_cafetera\cafe0.asm
              LCD_Mensaje   0x000190    program     static C:\Users\Win7\Desktop\p8_cafetera\LCD_MENS.INC
LCD_VisualizaOtroCaracter   0x000194    program     static C:\Users\Win7\Desktop\p8_cafetera\LCD_MENS.INC
     LCD_NoUltimoCaracter   0x00019a    program     static C:\Users\Win7\Desktop\p8_cafetera\LCD_MENS.INC
           LCD_FinMensaje   0x00019d    program     static C:\Users\Win7\Desktop\p8_cafetera\LCD_MENS.INC
    LCD_MensajeMovimiento   0x00019e    program     static C:\Users\Win7\Desktop\p8_cafetera\LCD_MENS.INC
      LCD_PrimeraPosicion   0x0001a2    program     static C:\Users\Win7\Desktop\p8_cafetera\LCD_MENS.INC
    LCD_VisualizaCaracter   0x0001a4    program     static C:\Users\Win7\Desktop\p8_cafetera\LCD_MENS.INC
         LCD_EsFinalLinea   0x0001a8    program     static C:\Users\Win7\Desktop\p8_cafetera\LCD_MENS.INC
       LCD_NoEsFinalLinea   0x0001ad    program     static C:\Users\Win7\Desktop\p8_cafetera\LCD_MENS.INC
    LCD_NoUltimoCaracter2   0x0001b3    program     static C:\Users\Win7\Desktop\p8_cafetera\LCD_MENS.INC
        LCD_FinMovimiento   0x0001b7    program     static C:\Users\Win7\Desktop\p8_cafetera\LCD_MENS.INC
           LCD_Inicializa   0x0001b8    program     static C:\Users\Win7\Desktop\p8_cafetera\LCD_4BIT.INC
           LCD_EscribeLCD   0x0001d4    program     static C:\Users\Win7\Desktop\p8_cafetera\LCD_4BIT.INC
           LCD_CursorIncr   0x0001e8    program     static C:\Users\Win7\Desktop\p8_cafetera\LCD_4BIT.INC
               LCD_Linea1   0x0001ea    program     static C:\Users\Win7\Desktop\p8_cafetera\LCD_4BIT.INC
               LCD_Linea2   0x0001ec    program     static C:\Users\Win7\Desktop\p8_cafetera\LCD_4BIT.INC
               LCD_Linea3   0x0001ee    program     static C:\Users\Win7\Desktop\p8_cafetera\LCD_4BIT.INC
               LCD_Linea4   0x0001f0    program     static C:\Users\Win7\Desktop\p8_cafetera\LCD_4BIT.INC
       LCD_PosicionLinea1   0x0001f2    program     static C:\Users\Win7\Desktop\p8_cafetera\LCD_4BIT.INC
       LCD_PosicionLinea2   0x0001f4    program     static C:\Users\Win7\Desktop\p8_cafetera\LCD_4BIT.INC
                  LCD_OFF   0x0001f6    program     static C:\Users\Win7\Desktop\p8_cafetera\LCD_4BIT.INC
             LCD_CursorON   0x0001f8    program     static C:\Users\Win7\Desktop\p8_cafetera\LCD_4BIT.INC
            LCD_CursorOFF   0x0001fa    program     static C:\Users\Win7\Desktop\p8_cafetera\LCD_4BIT.INC
                LCD_Borra   0x0001fc    program     static C:\Users\Win7\Desktop\p8_cafetera\LCD_4BIT.INC
      LCD_2Lineas4Bits5x7   0x0001fe    program     static C:\Users\Win7\Desktop\p8_cafetera\LCD_4BIT.INC
         LCD_EnviaComando   0x0001ff    program     static C:\Users\Win7\Desktop\p8_cafetera\LCD_4BIT.INC
             LCD_Caracter   0x000201    program     static C:\Users\Win7\Desktop\p8_cafetera\LCD_4BIT.INC
                LCD_Envia   0x000203    program     static C:\Users\Win7\Desktop\p8_cafetera\LCD_4BIT.INC
          LCD_CodigoCGROM   0x00020b    program     static C:\Users\Win7\Desktop\p8_cafetera\LCD_4BIT.INC
        LCD_EnheMinuscula   0x00020c    program     static C:\Users\Win7\Desktop\p8_cafetera\LCD_4BIT.INC
        LCD_EnheMayuscula   0x000212    program     static C:\Users\Win7\Desktop\p8_cafetera\LCD_4BIT.INC
                LCD_Grado   0x000219    program     static C:\Users\Win7\Desktop\p8_cafetera\LCD_4BIT.INC
             LCD_FinCGROM   0x00021f    program     static C:\Users\Win7\Desktop\p8_cafetera\LCD_4BIT.INC
        LCD_LineaEnBlanco   0x000221    program     static C:\Users\Win7\Desktop\p8_cafetera\LCD_4BIT.INC
      LCD_UnEspacioBlanco   0x000223    program     static C:\Users\Win7\Desktop\p8_cafetera\LCD_4BIT.INC
   LCD_DosEspaciosBlancos   0x000225    program     static C:\Users\Win7\Desktop\p8_cafetera\LCD_4BIT.INC
  LCD_TresEspaciosBlancos   0x000227    program     static C:\Users\Win7\Desktop\p8_cafetera\LCD_4BIT.INC
         LCD_EnviaBlancos   0x000228    program     static C:\Users\Win7\Desktop\p8_cafetera\LCD_4BIT.INC
      LCD_EnviaOtroBlanco   0x000229    program     static C:\Users\Win7\Desktop\p8_cafetera\LCD_4BIT.INC
                 LCD_Byte   0x00022e    program     static C:\Users\Win7\Desktop\p8_cafetera\LCD_4BIT.INC
         LCD_ByteCompleto   0x000235    program     static C:\Users\Win7\Desktop\p8_cafetera\LCD_4BIT.INC
        LCD_VisualizaAlto   0x000236    program     static C:\Users\Win7\Desktop\p8_cafetera\LCD_4BIT.INC
        LCD_VisualizaBajo   0x000238    program     static C:\Users\Win7\Desktop\p8_cafetera\LCD_4BIT.INC
               LCD_Nibble   0x000239    program     static C:\Users\Win7\Desktop\p8_cafetera\LCD_4BIT.INC
       LCD_EnviaByteLetra   0x000241    program     static C:\Users\Win7\Desktop\p8_cafetera\LCD_4BIT.INC
   LCD_FinVisualizaDigito   0x000243    program     static C:\Users\Win7\Desktop\p8_cafetera\LCD_4BIT.INC
         Retardo_10micros   0x000244    program     static C:\Users\Win7\Desktop\p8_cafetera\RETARDOS.INC
          Retardo_5micros   0x000249    program     static C:\Users\Win7\Desktop\p8_cafetera\RETARDOS.INC
          Retardo_4micros   0x00024a    program     static C:\Users\Win7\Desktop\p8_cafetera\RETARDOS.INC
        Retardo_500micros   0x00024b    program     static C:\Users\Win7\Desktop\p8_cafetera\RETARDOS.INC
        Retardo_200micros   0x00024e    program     static C:\Users\Win7\Desktop\p8_cafetera\RETARDOS.INC
        Retardo_100micros   0x000251    program     static C:\Users\Win7\Desktop\p8_cafetera\RETARDOS.INC
         Retardo_50micros   0x000253    program     static C:\Users\Win7\Desktop\p8_cafetera\RETARDOS.INC
         Retardo_20micros   0x000256    program     static C:\Users\Win7\Desktop\p8_cafetera\RETARDOS.INC
            RetardoMicros   0x000257    program     static C:\Users\Win7\Desktop\p8_cafetera\RETARDOS.INC
            Rmicros_Bucle   0x000258    program     static C:\Users\Win7\Desktop\p8_cafetera\RETARDOS.INC
            Retardo_200ms   0x00025b    program     static C:\Users\Win7\Desktop\p8_cafetera\RETARDOS.INC
            Retardo_100ms   0x00025d    program     static C:\Users\Win7\Desktop\p8_cafetera\RETARDOS.INC
             Retardo_50ms   0x00025f    program     static C:\Users\Win7\Desktop\p8_cafetera\RETARDOS.INC
             Retardo_20ms   0x000261    program     static C:\Users\Win7\Desktop\p8_cafetera\RETARDOS.INC
             Retardo_10ms   0x000263    program     static C:\Users\Win7\Desktop\p8_cafetera\RETARDOS.INC
              Retardo_5ms   0x000265    program     static C:\Users\Win7\Desktop\p8_cafetera\RETARDOS.INC
              Retardo_2ms   0x000267    program     static C:\Users\Win7\Desktop\p8_cafetera\RETARDOS.INC
              Retardo_1ms   0x000269    program     static C:\Users\Win7\Desktop\p8_cafetera\RETARDOS.INC
              Retardos_ms   0x00026a    program     static C:\Users\Win7\Desktop\p8_cafetera\RETARDOS.INC
        R1ms_BucleExterno   0x00026b    program     static C:\Users\Win7\Desktop\p8_cafetera\RETARDOS.INC
        R1ms_BucleInterno   0x00026d    program     static C:\Users\Win7\Desktop\p8_cafetera\RETARDOS.INC
              Retardo_20s   0x000273    program     static C:\Users\Win7\Desktop\p8_cafetera\RETARDOS.INC
              Retardo_10s   0x000275    program     static C:\Users\Win7\Desktop\p8_cafetera\RETARDOS.INC
               Retardo_5s   0x000277    program     static C:\Users\Win7\Desktop\p8_cafetera\RETARDOS.INC
               Retardo_2s   0x000279    program     static C:\Users\Win7\Desktop\p8_cafetera\RETARDOS.INC
               Retardo_1s   0x00027b    program     static C:\Users\Win7\Desktop\p8_cafetera\RETARDOS.INC
            Retardo_500ms   0x00027d    program     static C:\Users\Win7\Desktop\p8_cafetera\RETARDOS.INC
          Retardo_1Decima   0x00027e    program     static C:\Users\Win7\Desktop\p8_cafetera\RETARDOS.INC
   R1Decima_BucleExterno2   0x00027f    program     static C:\Users\Win7\Desktop\p8_cafetera\RETARDOS.INC
    R1Decima_BucleExterno   0x000281    program     static C:\Users\Win7\Desktop\p8_cafetera\RETARDOS.INC
    R1Decima_BucleInterno   0x000283    program     static C:\Users\Win7\Desktop\p8_cafetera\RETARDOS.INC
                    DELAY   0x00028b    program     static C:\Users\Win7\Desktop\p8_cafetera\cafe0.asm
                       J2   0x00028d    program     static C:\Users\Win7\Desktop\p8_cafetera\cafe0.asm
                       J1   0x00028f    program     static C:\Users\Win7\Desktop\p8_cafetera\cafe0.asm
                   DELAY2   0x00029c    program     static C:\Users\Win7\Desktop\p8_cafetera\cafe0.asm


