MPLINK 4.35, Linker
Linker Map File - Created Wed May 25 17:31:54 2011

                                 Section Info
                  Section       Type    Address   Location Size(Bytes)
                ---------  ---------  ---------  ---------  ---------
                   .org_0       code   0x000000    program   0x000000
                   .org_1       code   0x000000    program   0x00043c
.config_2007_MENSAJE EN MOVIMIENTO.O       code   0x002007    program   0x000002



                              Program Memory Usage 
                               Start         End      
                           ---------   ---------      
                            0x000000    0x00021d      
                            0x002007    0x002007      
            543 out of 1093 program addresses used, program memory utilization is 49%



                              Symbols - Sorted by Name
                     Name    Address   Location    Storage File                     
                ---------  ---------  ---------  --------- ---------                
                    DELAY   0x000217    program     static C:\Users\Win7\Desktop\p7_lcd\Mensaje en movimiento.asm
                   DELAY2   0x00020b    program     static C:\Users\Win7\Desktop\p7_lcd\Mensaje en movimiento.asm
                   Inicio   0x000000    program     static C:\Users\Win7\Desktop\p7_lcd\Mensaje en movimiento.asm
                  Inicio2   0x000007    program     static C:\Users\Win7\Desktop\p7_lcd\Mensaje en movimiento.asm
      LCD_2Lineas4Bits5x7   0x00017e    program     static C:\Users\Win7\Desktop\p7_lcd\LCD_4BIT.INC
                LCD_Borra   0x00017c    program     static C:\Users\Win7\Desktop\p7_lcd\LCD_4BIT.INC
                 LCD_Byte   0x0001ae    program     static C:\Users\Win7\Desktop\p7_lcd\LCD_4BIT.INC
         LCD_ByteCompleto   0x0001b5    program     static C:\Users\Win7\Desktop\p7_lcd\LCD_4BIT.INC
             LCD_Caracter   0x000181    program     static C:\Users\Win7\Desktop\p7_lcd\LCD_4BIT.INC
          LCD_CodigoCGROM   0x00018b    program     static C:\Users\Win7\Desktop\p7_lcd\LCD_4BIT.INC
           LCD_CursorIncr   0x000168    program     static C:\Users\Win7\Desktop\p7_lcd\LCD_4BIT.INC
            LCD_CursorOFF   0x00017a    program     static C:\Users\Win7\Desktop\p7_lcd\LCD_4BIT.INC
             LCD_CursorON   0x000178    program     static C:\Users\Win7\Desktop\p7_lcd\LCD_4BIT.INC
   LCD_DosEspaciosBlancos   0x0001a5    program     static C:\Users\Win7\Desktop\p7_lcd\LCD_4BIT.INC
        LCD_EnheMayuscula   0x000192    program     static C:\Users\Win7\Desktop\p7_lcd\LCD_4BIT.INC
        LCD_EnheMinuscula   0x00018c    program     static C:\Users\Win7\Desktop\p7_lcd\LCD_4BIT.INC
                LCD_Envia   0x000183    program     static C:\Users\Win7\Desktop\p7_lcd\LCD_4BIT.INC
         LCD_EnviaBlancos   0x0001a8    program     static C:\Users\Win7\Desktop\p7_lcd\LCD_4BIT.INC
       LCD_EnviaByteLetra   0x0001c1    program     static C:\Users\Win7\Desktop\p7_lcd\LCD_4BIT.INC
         LCD_EnviaComando   0x00017f    program     static C:\Users\Win7\Desktop\p7_lcd\LCD_4BIT.INC
      LCD_EnviaOtroBlanco   0x0001a9    program     static C:\Users\Win7\Desktop\p7_lcd\LCD_4BIT.INC
         LCD_EsFinalLinea   0x00012a    program     static C:\Users\Win7\Desktop\p7_lcd\LCD_MENS.INC
           LCD_EscribeLCD   0x000154    program     static C:\Users\Win7\Desktop\p7_lcd\LCD_4BIT.INC
             LCD_FinCGROM   0x00019f    program     static C:\Users\Win7\Desktop\p7_lcd\LCD_4BIT.INC
           LCD_FinMensaje   0x00011f    program     static C:\Users\Win7\Desktop\p7_lcd\LCD_MENS.INC
        LCD_FinMovimiento   0x000139    program     static C:\Users\Win7\Desktop\p7_lcd\LCD_MENS.INC
   LCD_FinVisualizaDigito   0x0001c3    program     static C:\Users\Win7\Desktop\p7_lcd\LCD_4BIT.INC
                LCD_Grado   0x000199    program     static C:\Users\Win7\Desktop\p7_lcd\LCD_4BIT.INC
           LCD_Inicializa   0x00013a    program     static C:\Users\Win7\Desktop\p7_lcd\LCD_4BIT.INC
               LCD_Linea1   0x00016a    program     static C:\Users\Win7\Desktop\p7_lcd\LCD_4BIT.INC
               LCD_Linea2   0x00016c    program     static C:\Users\Win7\Desktop\p7_lcd\LCD_4BIT.INC
               LCD_Linea3   0x00016e    program     static C:\Users\Win7\Desktop\p7_lcd\LCD_4BIT.INC
               LCD_Linea4   0x000170    program     static C:\Users\Win7\Desktop\p7_lcd\LCD_4BIT.INC
        LCD_LineaEnBlanco   0x0001a1    program     static C:\Users\Win7\Desktop\p7_lcd\LCD_4BIT.INC
              LCD_Mensaje   0x000112    program     static C:\Users\Win7\Desktop\p7_lcd\LCD_MENS.INC
    LCD_MensajeMovimiento   0x000120    program     static C:\Users\Win7\Desktop\p7_lcd\LCD_MENS.INC
               LCD_Nibble   0x0001b9    program     static C:\Users\Win7\Desktop\p7_lcd\LCD_4BIT.INC
       LCD_NoEsFinalLinea   0x00012f    program     static C:\Users\Win7\Desktop\p7_lcd\LCD_MENS.INC
     LCD_NoUltimoCaracter   0x00011c    program     static C:\Users\Win7\Desktop\p7_lcd\LCD_MENS.INC
    LCD_NoUltimoCaracter2   0x000135    program     static C:\Users\Win7\Desktop\p7_lcd\LCD_MENS.INC
                  LCD_OFF   0x000176    program     static C:\Users\Win7\Desktop\p7_lcd\LCD_4BIT.INC
       LCD_PosicionLinea1   0x000172    program     static C:\Users\Win7\Desktop\p7_lcd\LCD_4BIT.INC
       LCD_PosicionLinea2   0x000174    program     static C:\Users\Win7\Desktop\p7_lcd\LCD_4BIT.INC
      LCD_PrimeraPosicion   0x000124    program     static C:\Users\Win7\Desktop\p7_lcd\LCD_MENS.INC
  LCD_TresEspaciosBlancos   0x0001a7    program     static C:\Users\Win7\Desktop\p7_lcd\LCD_4BIT.INC
      LCD_UnEspacioBlanco   0x0001a3    program     static C:\Users\Win7\Desktop\p7_lcd\LCD_4BIT.INC
        LCD_VisualizaAlto   0x0001b6    program     static C:\Users\Win7\Desktop\p7_lcd\LCD_4BIT.INC
        LCD_VisualizaBajo   0x0001b8    program     static C:\Users\Win7\Desktop\p7_lcd\LCD_4BIT.INC
    LCD_VisualizaCaracter   0x000126    program     static C:\Users\Win7\Desktop\p7_lcd\LCD_MENS.INC
LCD_VisualizaOtroCaracter   0x000116    program     static C:\Users\Win7\Desktop\p7_lcd\LCD_MENS.INC
                 Mensaje0   0x00000c    program     static C:\Users\Win7\Desktop\p7_lcd\Mensaje en movimiento.asm
                 Mensaje1   0x00006e    program     static C:\Users\Win7\Desktop\p7_lcd\Mensaje en movimiento.asm
                 Mensajes   0x00000b    program     static C:\Users\Win7\Desktop\p7_lcd\Mensaje en movimiento.asm
                   PDelL1   0x000215    program     static C:\Users\Win7\Desktop\p7_lcd\Mensaje en movimiento.asm
                   PDelL2   0x000216    program     static C:\Users\Win7\Desktop\p7_lcd\Mensaje en movimiento.asm
                   PLoop1   0x00020d    program     static C:\Users\Win7\Desktop\p7_lcd\Mensaje en movimiento.asm
                   PLoop2   0x00020f    program     static C:\Users\Win7\Desktop\p7_lcd\Mensaje en movimiento.asm
               Principal2   0x000008    program     static C:\Users\Win7\Desktop\p7_lcd\Mensaje en movimiento.asm
    R1Decima_BucleExterno   0x000201    program     static C:\Users\Win7\Desktop\p7_lcd\RETARDOS.INC
   R1Decima_BucleExterno2   0x0001ff    program     static C:\Users\Win7\Desktop\p7_lcd\RETARDOS.INC
    R1Decima_BucleInterno   0x000203    program     static C:\Users\Win7\Desktop\p7_lcd\RETARDOS.INC
        R1ms_BucleExterno   0x0001eb    program     static C:\Users\Win7\Desktop\p7_lcd\RETARDOS.INC
        R1ms_BucleInterno   0x0001ed    program     static C:\Users\Win7\Desktop\p7_lcd\RETARDOS.INC
            RetardoMicros   0x0001d7    program     static C:\Users\Win7\Desktop\p7_lcd\RETARDOS.INC
        Retardo_100micros   0x0001d1    program     static C:\Users\Win7\Desktop\p7_lcd\RETARDOS.INC
            Retardo_100ms   0x0001dd    program     static C:\Users\Win7\Desktop\p7_lcd\RETARDOS.INC
         Retardo_10micros   0x0001c4    program     static C:\Users\Win7\Desktop\p7_lcd\RETARDOS.INC
             Retardo_10ms   0x0001e3    program     static C:\Users\Win7\Desktop\p7_lcd\RETARDOS.INC
              Retardo_10s   0x0001f5    program     static C:\Users\Win7\Desktop\p7_lcd\RETARDOS.INC
          Retardo_1Decima   0x0001fe    program     static C:\Users\Win7\Desktop\p7_lcd\RETARDOS.INC
              Retardo_1ms   0x0001e9    program     static C:\Users\Win7\Desktop\p7_lcd\RETARDOS.INC
               Retardo_1s   0x0001fb    program     static C:\Users\Win7\Desktop\p7_lcd\RETARDOS.INC
        Retardo_200micros   0x0001ce    program     static C:\Users\Win7\Desktop\p7_lcd\RETARDOS.INC
            Retardo_200ms   0x0001db    program     static C:\Users\Win7\Desktop\p7_lcd\RETARDOS.INC
         Retardo_20micros   0x0001d6    program     static C:\Users\Win7\Desktop\p7_lcd\RETARDOS.INC
             Retardo_20ms   0x0001e1    program     static C:\Users\Win7\Desktop\p7_lcd\RETARDOS.INC
              Retardo_20s   0x0001f3    program     static C:\Users\Win7\Desktop\p7_lcd\RETARDOS.INC
              Retardo_2ms   0x0001e7    program     static C:\Users\Win7\Desktop\p7_lcd\RETARDOS.INC
               Retardo_2s   0x0001f9    program     static C:\Users\Win7\Desktop\p7_lcd\RETARDOS.INC
          Retardo_4micros   0x0001ca    program     static C:\Users\Win7\Desktop\p7_lcd\RETARDOS.INC
        Retardo_500micros   0x0001cb    program     static C:\Users\Win7\Desktop\p7_lcd\RETARDOS.INC
            Retardo_500ms   0x0001fd    program     static C:\Users\Win7\Desktop\p7_lcd\RETARDOS.INC
         Retardo_50micros   0x0001d3    program     static C:\Users\Win7\Desktop\p7_lcd\RETARDOS.INC
             Retardo_50ms   0x0001df    program     static C:\Users\Win7\Desktop\p7_lcd\RETARDOS.INC
          Retardo_5micros   0x0001c9    program     static C:\Users\Win7\Desktop\p7_lcd\RETARDOS.INC
              Retardo_5ms   0x0001e5    program     static C:\Users\Win7\Desktop\p7_lcd\RETARDOS.INC
               Retardo_5s   0x0001f7    program     static C:\Users\Win7\Desktop\p7_lcd\RETARDOS.INC
              Retardos_ms   0x0001ea    program     static C:\Users\Win7\Desktop\p7_lcd\RETARDOS.INC
            Rmicros_Bucle   0x0001d8    program     static C:\Users\Win7\Desktop\p7_lcd\RETARDOS.INC



                              Symbols - Sorted by Address
                     Name    Address   Location    Storage File                     
                ---------  ---------  ---------  --------- ---------                
                   Inicio   0x000000    program     static C:\Users\Win7\Desktop\p7_lcd\Mensaje en movimiento.asm
                  Inicio2   0x000007    program     static C:\Users\Win7\Desktop\p7_lcd\Mensaje en movimiento.asm
               Principal2   0x000008    program     static C:\Users\Win7\Desktop\p7_lcd\Mensaje en movimiento.asm
                 Mensajes   0x00000b    program     static C:\Users\Win7\Desktop\p7_lcd\Mensaje en movimiento.asm
                 Mensaje0   0x00000c    program     static C:\Users\Win7\Desktop\p7_lcd\Mensaje en movimiento.asm
                 Mensaje1   0x00006e    program     static C:\Users\Win7\Desktop\p7_lcd\Mensaje en movimiento.asm
              LCD_Mensaje   0x000112    program     static C:\Users\Win7\Desktop\p7_lcd\LCD_MENS.INC
LCD_VisualizaOtroCaracter   0x000116    program     static C:\Users\Win7\Desktop\p7_lcd\LCD_MENS.INC
     LCD_NoUltimoCaracter   0x00011c    program     static C:\Users\Win7\Desktop\p7_lcd\LCD_MENS.INC
           LCD_FinMensaje   0x00011f    program     static C:\Users\Win7\Desktop\p7_lcd\LCD_MENS.INC
    LCD_MensajeMovimiento   0x000120    program     static C:\Users\Win7\Desktop\p7_lcd\LCD_MENS.INC
      LCD_PrimeraPosicion   0x000124    program     static C:\Users\Win7\Desktop\p7_lcd\LCD_MENS.INC
    LCD_VisualizaCaracter   0x000126    program     static C:\Users\Win7\Desktop\p7_lcd\LCD_MENS.INC
         LCD_EsFinalLinea   0x00012a    program     static C:\Users\Win7\Desktop\p7_lcd\LCD_MENS.INC
       LCD_NoEsFinalLinea   0x00012f    program     static C:\Users\Win7\Desktop\p7_lcd\LCD_MENS.INC
    LCD_NoUltimoCaracter2   0x000135    program     static C:\Users\Win7\Desktop\p7_lcd\LCD_MENS.INC
        LCD_FinMovimiento   0x000139    program     static C:\Users\Win7\Desktop\p7_lcd\LCD_MENS.INC
           LCD_Inicializa   0x00013a    program     static C:\Users\Win7\Desktop\p7_lcd\LCD_4BIT.INC
           LCD_EscribeLCD   0x000154    program     static C:\Users\Win7\Desktop\p7_lcd\LCD_4BIT.INC
           LCD_CursorIncr   0x000168    program     static C:\Users\Win7\Desktop\p7_lcd\LCD_4BIT.INC
               LCD_Linea1   0x00016a    program     static C:\Users\Win7\Desktop\p7_lcd\LCD_4BIT.INC
               LCD_Linea2   0x00016c    program     static C:\Users\Win7\Desktop\p7_lcd\LCD_4BIT.INC
               LCD_Linea3   0x00016e    program     static C:\Users\Win7\Desktop\p7_lcd\LCD_4BIT.INC
               LCD_Linea4   0x000170    program     static C:\Users\Win7\Desktop\p7_lcd\LCD_4BIT.INC
       LCD_PosicionLinea1   0x000172    program     static C:\Users\Win7\Desktop\p7_lcd\LCD_4BIT.INC
       LCD_PosicionLinea2   0x000174    program     static C:\Users\Win7\Desktop\p7_lcd\LCD_4BIT.INC
                  LCD_OFF   0x000176    program     static C:\Users\Win7\Desktop\p7_lcd\LCD_4BIT.INC
             LCD_CursorON   0x000178    program     static C:\Users\Win7\Desktop\p7_lcd\LCD_4BIT.INC
            LCD_CursorOFF   0x00017a    program     static C:\Users\Win7\Desktop\p7_lcd\LCD_4BIT.INC
                LCD_Borra   0x00017c    program     static C:\Users\Win7\Desktop\p7_lcd\LCD_4BIT.INC
      LCD_2Lineas4Bits5x7   0x00017e    program     static C:\Users\Win7\Desktop\p7_lcd\LCD_4BIT.INC
         LCD_EnviaComando   0x00017f    program     static C:\Users\Win7\Desktop\p7_lcd\LCD_4BIT.INC
             LCD_Caracter   0x000181    program     static C:\Users\Win7\Desktop\p7_lcd\LCD_4BIT.INC
                LCD_Envia   0x000183    program     static C:\Users\Win7\Desktop\p7_lcd\LCD_4BIT.INC
          LCD_CodigoCGROM   0x00018b    program     static C:\Users\Win7\Desktop\p7_lcd\LCD_4BIT.INC
        LCD_EnheMinuscula   0x00018c    program     static C:\Users\Win7\Desktop\p7_lcd\LCD_4BIT.INC
        LCD_EnheMayuscula   0x000192    program     static C:\Users\Win7\Desktop\p7_lcd\LCD_4BIT.INC
                LCD_Grado   0x000199    program     static C:\Users\Win7\Desktop\p7_lcd\LCD_4BIT.INC
             LCD_FinCGROM   0x00019f    program     static C:\Users\Win7\Desktop\p7_lcd\LCD_4BIT.INC
        LCD_LineaEnBlanco   0x0001a1    program     static C:\Users\Win7\Desktop\p7_lcd\LCD_4BIT.INC
      LCD_UnEspacioBlanco   0x0001a3    program     static C:\Users\Win7\Desktop\p7_lcd\LCD_4BIT.INC
   LCD_DosEspaciosBlancos   0x0001a5    program     static C:\Users\Win7\Desktop\p7_lcd\LCD_4BIT.INC
  LCD_TresEspaciosBlancos   0x0001a7    program     static C:\Users\Win7\Desktop\p7_lcd\LCD_4BIT.INC
         LCD_EnviaBlancos   0x0001a8    program     static C:\Users\Win7\Desktop\p7_lcd\LCD_4BIT.INC
      LCD_EnviaOtroBlanco   0x0001a9    program     static C:\Users\Win7\Desktop\p7_lcd\LCD_4BIT.INC
                 LCD_Byte   0x0001ae    program     static C:\Users\Win7\Desktop\p7_lcd\LCD_4BIT.INC
         LCD_ByteCompleto   0x0001b5    program     static C:\Users\Win7\Desktop\p7_lcd\LCD_4BIT.INC
        LCD_VisualizaAlto   0x0001b6    program     static C:\Users\Win7\Desktop\p7_lcd\LCD_4BIT.INC
        LCD_VisualizaBajo   0x0001b8    program     static C:\Users\Win7\Desktop\p7_lcd\LCD_4BIT.INC
               LCD_Nibble   0x0001b9    program     static C:\Users\Win7\Desktop\p7_lcd\LCD_4BIT.INC
       LCD_EnviaByteLetra   0x0001c1    program     static C:\Users\Win7\Desktop\p7_lcd\LCD_4BIT.INC
   LCD_FinVisualizaDigito   0x0001c3    program     static C:\Users\Win7\Desktop\p7_lcd\LCD_4BIT.INC
         Retardo_10micros   0x0001c4    program     static C:\Users\Win7\Desktop\p7_lcd\RETARDOS.INC
          Retardo_5micros   0x0001c9    program     static C:\Users\Win7\Desktop\p7_lcd\RETARDOS.INC
          Retardo_4micros   0x0001ca    program     static C:\Users\Win7\Desktop\p7_lcd\RETARDOS.INC
        Retardo_500micros   0x0001cb    program     static C:\Users\Win7\Desktop\p7_lcd\RETARDOS.INC
        Retardo_200micros   0x0001ce    program     static C:\Users\Win7\Desktop\p7_lcd\RETARDOS.INC
        Retardo_100micros   0x0001d1    program     static C:\Users\Win7\Desktop\p7_lcd\RETARDOS.INC
         Retardo_50micros   0x0001d3    program     static C:\Users\Win7\Desktop\p7_lcd\RETARDOS.INC
         Retardo_20micros   0x0001d6    program     static C:\Users\Win7\Desktop\p7_lcd\RETARDOS.INC
            RetardoMicros   0x0001d7    program     static C:\Users\Win7\Desktop\p7_lcd\RETARDOS.INC
            Rmicros_Bucle   0x0001d8    program     static C:\Users\Win7\Desktop\p7_lcd\RETARDOS.INC
            Retardo_200ms   0x0001db    program     static C:\Users\Win7\Desktop\p7_lcd\RETARDOS.INC
            Retardo_100ms   0x0001dd    program     static C:\Users\Win7\Desktop\p7_lcd\RETARDOS.INC
             Retardo_50ms   0x0001df    program     static C:\Users\Win7\Desktop\p7_lcd\RETARDOS.INC
             Retardo_20ms   0x0001e1    program     static C:\Users\Win7\Desktop\p7_lcd\RETARDOS.INC
             Retardo_10ms   0x0001e3    program     static C:\Users\Win7\Desktop\p7_lcd\RETARDOS.INC
              Retardo_5ms   0x0001e5    program     static C:\Users\Win7\Desktop\p7_lcd\RETARDOS.INC
              Retardo_2ms   0x0001e7    program     static C:\Users\Win7\Desktop\p7_lcd\RETARDOS.INC
              Retardo_1ms   0x0001e9    program     static C:\Users\Win7\Desktop\p7_lcd\RETARDOS.INC
              Retardos_ms   0x0001ea    program     static C:\Users\Win7\Desktop\p7_lcd\RETARDOS.INC
        R1ms_BucleExterno   0x0001eb    program     static C:\Users\Win7\Desktop\p7_lcd\RETARDOS.INC
        R1ms_BucleInterno   0x0001ed    program     static C:\Users\Win7\Desktop\p7_lcd\RETARDOS.INC
              Retardo_20s   0x0001f3    program     static C:\Users\Win7\Desktop\p7_lcd\RETARDOS.INC
              Retardo_10s   0x0001f5    program     static C:\Users\Win7\Desktop\p7_lcd\RETARDOS.INC
               Retardo_5s   0x0001f7    program     static C:\Users\Win7\Desktop\p7_lcd\RETARDOS.INC
               Retardo_2s   0x0001f9    program     static C:\Users\Win7\Desktop\p7_lcd\RETARDOS.INC
               Retardo_1s   0x0001fb    program     static C:\Users\Win7\Desktop\p7_lcd\RETARDOS.INC
            Retardo_500ms   0x0001fd    program     static C:\Users\Win7\Desktop\p7_lcd\RETARDOS.INC
          Retardo_1Decima   0x0001fe    program     static C:\Users\Win7\Desktop\p7_lcd\RETARDOS.INC
   R1Decima_BucleExterno2   0x0001ff    program     static C:\Users\Win7\Desktop\p7_lcd\RETARDOS.INC
    R1Decima_BucleExterno   0x000201    program     static C:\Users\Win7\Desktop\p7_lcd\RETARDOS.INC
    R1Decima_BucleInterno   0x000203    program     static C:\Users\Win7\Desktop\p7_lcd\RETARDOS.INC
                   DELAY2   0x00020b    program     static C:\Users\Win7\Desktop\p7_lcd\Mensaje en movimiento.asm
                   PLoop1   0x00020d    program     static C:\Users\Win7\Desktop\p7_lcd\Mensaje en movimiento.asm
                   PLoop2   0x00020f    program     static C:\Users\Win7\Desktop\p7_lcd\Mensaje en movimiento.asm
                   PDelL1   0x000215    program     static C:\Users\Win7\Desktop\p7_lcd\Mensaje en movimiento.asm
                   PDelL2   0x000216    program     static C:\Users\Win7\Desktop\p7_lcd\Mensaje en movimiento.asm
                    DELAY   0x000217    program     static C:\Users\Win7\Desktop\p7_lcd\Mensaje en movimiento.asm


